Loading model from /home/msi/Documents/base.pt...

vocab :  backend/storage/arabic_model/vocab.txt
token :  custom
model :  /home/msi/Documents/base.pt 

Traceback (most recent call last):
  File "/home/msi/afidnaTTS/backend/tts/f5/infer.py", line 98, in <module>
    main()
  File "/home/msi/afidnaTTS/backend/tts/f5/infer.py", line 45, in main
    model_obj = load_model(
                ^^^^^^^^^^^
  File "/home/msi/f5-tts/venv/lib/python3.12/site-packages/f5_tts/infer/utils_infer.py", line 274, in load_model
    model = load_checkpoint(model, ckpt_path, device, dtype=dtype, use_ema=use_ema)
            ^^^^^^^^^^^^^^^^^^^^^^^^^^^^^^^^^^^^^^^^^^^^^^^^^^^^^^^^^^^^^^^^^^^^^^^
  File "/home/msi/f5-tts/venv/lib/python3.12/site-packages/f5_tts/infer/utils_infer.py", line 227, in load_checkpoint
    model.load_state_dict(checkpoint["model_state_dict"])
  File "/home/msi/f5-tts/venv/lib/python3.12/site-packages/torch/nn/modules/module.py", line 2584, in load_state_dict
    raise RuntimeError(
RuntimeError: Error(s) in loading state_dict for CFM:
	Missing key(s) in state_dict: "transformer.time_embed.time_mlp.0.weight", "transformer.time_embed.time_mlp.0.bias", "transformer.time_embed.time_mlp.2.weight", "transformer.time_embed.time_mlp.2.bias", "transformer.text_embed.text_embed.weight", "transformer.text_embed.text_blocks.0.dwconv.weight", "transformer.text_embed.text_blocks.0.dwconv.bias", "transformer.text_embed.text_blocks.0.norm.weight", "transformer.text_embed.text_blocks.0.norm.bias", "transformer.text_embed.text_blocks.0.pwconv1.weight", "transformer.text_embed.text_blocks.0.pwconv1.bias", "transformer.text_embed.text_blocks.0.grn.gamma", "transformer.text_embed.text_blocks.0.grn.beta", "transformer.text_embed.text_blocks.0.pwconv2.weight", "transformer.text_embed.text_blocks.0.pwconv2.bias", "transformer.text_embed.text_blocks.1.dwconv.weight", "transformer.text_embed.text_blocks.1.dwconv.bias", "transformer.text_embed.text_blocks.1.norm.weight", "transformer.text_embed.text_blocks.1.norm.bias", "transformer.text_embed.text_blocks.1.pwconv1.weight", "transformer.text_embed.text_blocks.1.pwconv1.bias", "transformer.text_embed.text_blocks.1.grn.gamma", "transformer.text_embed.text_blocks.1.grn.beta", "transformer.text_embed.text_blocks.1.pwconv2.weight", "transformer.text_embed.text_blocks.1.pwconv2.bias", "transformer.text_embed.text_blocks.2.dwconv.weight", "transformer.text_embed.text_blocks.2.dwconv.bias", "transformer.text_embed.text_blocks.2.norm.weight", "transformer.text_embed.text_blocks.2.norm.bias", "transformer.text_embed.text_blocks.2.pwconv1.weight", "transformer.text_embed.text_blocks.2.pwconv1.bias", "transformer.text_embed.text_blocks.2.grn.gamma", "transformer.text_embed.text_blocks.2.grn.beta", "transformer.text_embed.text_blocks.2.pwconv2.weight", "transformer.text_embed.text_blocks.2.pwconv2.bias", "transformer.text_embed.text_blocks.3.dwconv.weight", "transformer.text_embed.text_blocks.3.dwconv.bias", "transformer.text_embed.text_blocks.3.norm.weight", "transformer.text_embed.text_blocks.3.norm.bias", "transformer.text_embed.text_blocks.3.pwconv1.weight", "transformer.text_embed.text_blocks.3.pwconv1.bias", "transformer.text_embed.text_blocks.3.grn.gamma", "transformer.text_embed.text_blocks.3.grn.beta", "transformer.text_embed.text_blocks.3.pwconv2.weight", "transformer.text_embed.text_blocks.3.pwconv2.bias", "transformer.text_embed.text_blocks.4.dwconv.weight", "transformer.text_embed.text_blocks.4.dwconv.bias", "transformer.text_embed.text_blocks.4.norm.weight", "transformer.text_embed.text_blocks.4.norm.bias", "transformer.text_embed.text_blocks.4.pwconv1.weight", "transformer.text_embed.text_blocks.4.pwconv1.bias", "transformer.text_embed.text_blocks.4.grn.gamma", "transformer.text_embed.text_blocks.4.grn.beta", "transformer.text_embed.text_blocks.4.pwconv2.weight", "transformer.text_embed.text_blocks.4.pwconv2.bias", "transformer.text_embed.text_blocks.5.dwconv.weight", "transformer.text_embed.text_blocks.5.dwconv.bias", "transformer.text_embed.text_blocks.5.norm.weight", "transformer.text_embed.text_blocks.5.norm.bias", "transformer.text_embed.text_blocks.5.pwconv1.weight", "transformer.text_embed.text_blocks.5.pwconv1.bias", "transformer.text_embed.text_blocks.5.grn.gamma", "transformer.text_embed.text_blocks.5.grn.beta", "transformer.text_embed.text_blocks.5.pwconv2.weight", "transformer.text_embed.text_blocks.5.pwconv2.bias", "transformer.text_embed.text_blocks.6.dwconv.weight", "transformer.text_embed.text_blocks.6.dwconv.bias", "transformer.text_embed.text_blocks.6.norm.weight", "transformer.text_embed.text_blocks.6.norm.bias", "transformer.text_embed.text_blocks.6.pwconv1.weight", "transformer.text_embed.text_blocks.6.pwconv1.bias", "transformer.text_embed.text_blocks.6.grn.gamma", "transformer.text_embed.text_blocks.6.grn.beta", "transformer.text_embed.text_blocks.6.pwconv2.weight", "transformer.text_embed.text_blocks.6.pwconv2.bias", "transformer.text_embed.text_blocks.7.dwconv.weight", "transformer.text_embed.text_blocks.7.dwconv.bias", "transformer.text_embed.text_blocks.7.norm.weight", "transformer.text_embed.text_blocks.7.norm.bias", "transformer.text_embed.text_blocks.7.pwconv1.weight", "transformer.text_embed.text_blocks.7.pwconv1.bias", "transformer.text_embed.text_blocks.7.grn.gamma", "transformer.text_embed.text_blocks.7.grn.beta", "transformer.text_embed.text_blocks.7.pwconv2.weight", "transformer.text_embed.text_blocks.7.pwconv2.bias", "transformer.input_embed.proj.weight", "transformer.input_embed.proj.bias", "transformer.input_embed.conv_pos_embed.conv1d.0.weight", "transformer.input_embed.conv_pos_embed.conv1d.0.bias", "transformer.input_embed.conv_pos_embed.conv1d.2.weight", "transformer.input_embed.conv_pos_embed.conv1d.2.bias", "transformer.rotary_embed.inv_freq", "transformer.transformer_blocks.0.attn_norm.linear.weight", "transformer.transformer_blocks.0.attn_norm.linear.bias", "transformer.transformer_blocks.0.attn.to_q.weight", "transformer.transformer_blocks.0.attn.to_q.bias", "transformer.transformer_blocks.0.attn.to_k.weight", "transformer.transformer_blocks.0.attn.to_k.bias", "transformer.transformer_blocks.0.attn.to_v.weight", "transformer.transformer_blocks.0.attn.to_v.bias", "transformer.transformer_blocks.0.attn.to_out.0.weight", "transformer.transformer_blocks.0.attn.to_out.0.bias", "transformer.transformer_blocks.0.ff.ff.0.0.weight", "transformer.transformer_blocks.0.ff.ff.0.0.bias", "transformer.transformer_blocks.0.ff.ff.2.weight", "transformer.transformer_blocks.0.ff.ff.2.bias", "transformer.transformer_blocks.1.attn_norm.linear.weight", "transformer.transformer_blocks.1.attn_norm.linear.bias", "transformer.transformer_blocks.1.attn.to_q.weight", "transformer.transformer_blocks.1.attn.to_q.bias", "transformer.transformer_blocks.1.attn.to_k.weight", "transformer.transformer_blocks.1.attn.to_k.bias", "transformer.transformer_blocks.1.attn.to_v.weight", "transformer.transformer_blocks.1.attn.to_v.bias", "transformer.transformer_blocks.1.attn.to_out.0.weight", "transformer.transformer_blocks.1.attn.to_out.0.bias", "transformer.transformer_blocks.1.ff.ff.0.0.weight", "transformer.transformer_blocks.1.ff.ff.0.0.bias", "transformer.transformer_blocks.1.ff.ff.2.weight", "transformer.transformer_blocks.1.ff.ff.2.bias", "transformer.transformer_blocks.2.attn_norm.linear.weight", "transformer.transformer_blocks.2.attn_norm.linear.bias", "transformer.transformer_blocks.2.attn.to_q.weight", "transformer.transformer_blocks.2.attn.to_q.bias", "transformer.transformer_blocks.2.attn.to_k.weight", "transformer.transformer_blocks.2.attn.to_k.bias", "transformer.transformer_blocks.2.attn.to_v.weight", "transformer.transformer_blocks.2.attn.to_v.bias", "transformer.transformer_blocks.2.attn.to_out.0.weight", "transformer.transformer_blocks.2.attn.to_out.0.bias", "transformer.transformer_blocks.2.ff.ff.0.0.weight", "transformer.transformer_blocks.2.ff.ff.0.0.bias", "transformer.transformer_blocks.2.ff.ff.2.weight", "transformer.transformer_blocks.2.ff.ff.2.bias", "transformer.transformer_blocks.3.attn_norm.linear.weight", "transformer.transformer_blocks.3.attn_norm.linear.bias", "transformer.transformer_blocks.3.attn.to_q.weight", "transformer.transformer_blocks.3.attn.to_q.bias", "transformer.transformer_blocks.3.attn.to_k.weight", "transformer.transformer_blocks.3.attn.to_k.bias", "transformer.transformer_blocks.3.attn.to_v.weight", "transformer.transformer_blocks.3.attn.to_v.bias", "transformer.transformer_blocks.3.attn.to_out.0.weight", "transformer.transformer_blocks.3.attn.to_out.0.bias", "transformer.transformer_blocks.3.ff.ff.0.0.weight", "transformer.transformer_blocks.3.ff.ff.0.0.bias", "transformer.transformer_blocks.3.ff.ff.2.weight", "transformer.transformer_blocks.3.ff.ff.2.bias", "transformer.transformer_blocks.4.attn_norm.linear.weight", "transformer.transformer_blocks.4.attn_norm.linear.bias", "transformer.transformer_blocks.4.attn.to_q.weight", "transformer.transformer_blocks.4.attn.to_q.bias", "transformer.transformer_blocks.4.attn.to_k.weight", "transformer.transformer_blocks.4.attn.to_k.bias", "transformer.transformer_blocks.4.attn.to_v.weight", "transformer.transformer_blocks.4.attn.to_v.bias", "transformer.transformer_blocks.4.attn.to_out.0.weight", "transformer.transformer_blocks.4.attn.to_out.0.bias", "transformer.transformer_blocks.4.ff.ff.0.0.weight", "transformer.transformer_blocks.4.ff.ff.0.0.bias", "transformer.transformer_blocks.4.ff.ff.2.weight", "transformer.transformer_blocks.4.ff.ff.2.bias", "transformer.transformer_blocks.5.attn_norm.linear.weight", "transformer.transformer_blocks.5.attn_norm.linear.bias", "transformer.transformer_blocks.5.attn.to_q.weight", "transformer.transformer_blocks.5.attn.to_q.bias", "transformer.transformer_blocks.5.attn.to_k.weight", "transformer.transformer_blocks.5.attn.to_k.bias", "transformer.transformer_blocks.5.attn.to_v.weight", "transformer.transformer_blocks.5.attn.to_v.bias", "transformer.transformer_blocks.5.attn.to_out.0.weight", "transformer.transformer_blocks.5.attn.to_out.0.bias", "transformer.transformer_blocks.5.ff.ff.0.0.weight", "transformer.transformer_blocks.5.ff.ff.0.0.bias", "transformer.transformer_blocks.5.ff.ff.2.weight", "transformer.transformer_blocks.5.ff.ff.2.bias", "transformer.transformer_blocks.6.attn_norm.linear.weight", "transformer.transformer_blocks.6.attn_norm.linear.bias", "transformer.transformer_blocks.6.attn.to_q.weight", "transformer.transformer_blocks.6.attn.to_q.bias", "transformer.transformer_blocks.6.attn.to_k.weight", "transformer.transformer_blocks.6.attn.to_k.bias", "transformer.transformer_blocks.6.attn.to_v.weight", "transformer.transformer_blocks.6.attn.to_v.bias", "transformer.transformer_blocks.6.attn.to_out.0.weight", "transformer.transformer_blocks.6.attn.to_out.0.bias", "transformer.transformer_blocks.6.ff.ff.0.0.weight", "transformer.transformer_blocks.6.ff.ff.0.0.bias", "transformer.transformer_blocks.6.ff.ff.2.weight", "transformer.transformer_blocks.6.ff.ff.2.bias", "transformer.transformer_blocks.7.attn_norm.linear.weight", "transformer.transformer_blocks.7.attn_norm.linear.bias", "transformer.transformer_blocks.7.attn.to_q.weight", "transformer.transformer_blocks.7.attn.to_q.bias", "transformer.transformer_blocks.7.attn.to_k.weight", "transformer.transformer_blocks.7.attn.to_k.bias", "transformer.transformer_blocks.7.attn.to_v.weight", "transformer.transformer_blocks.7.attn.to_v.bias", "transformer.transformer_blocks.7.attn.to_out.0.weight", "transformer.transformer_blocks.7.attn.to_out.0.bias", "transformer.transformer_blocks.7.ff.ff.0.0.weight", "transformer.transformer_blocks.7.ff.ff.0.0.bias", "transformer.transformer_blocks.7.ff.ff.2.weight", "transformer.transformer_blocks.7.ff.ff.2.bias", "transformer.transformer_blocks.8.attn_norm.linear.weight", "transformer.transformer_blocks.8.attn_norm.linear.bias", "transformer.transformer_blocks.8.attn.to_q.weight", "transformer.transformer_blocks.8.attn.to_q.bias", "transformer.transformer_blocks.8.attn.to_k.weight", "transformer.transformer_blocks.8.attn.to_k.bias", "transformer.transformer_blocks.8.attn.to_v.weight", "transformer.transformer_blocks.8.attn.to_v.bias", "transformer.transformer_blocks.8.attn.to_out.0.weight", "transformer.transformer_blocks.8.attn.to_out.0.bias", "transformer.transformer_blocks.8.ff.ff.0.0.weight", "transformer.transformer_blocks.8.ff.ff.0.0.bias", "transformer.transformer_blocks.8.ff.ff.2.weight", "transformer.transformer_blocks.8.ff.ff.2.bias", "transformer.transformer_blocks.9.attn_norm.linear.weight", "transformer.transformer_blocks.9.attn_norm.linear.bias", "transformer.transformer_blocks.9.attn.to_q.weight", "transformer.transformer_blocks.9.attn.to_q.bias", "transformer.transformer_blocks.9.attn.to_k.weight", "transformer.transformer_blocks.9.attn.to_k.bias", "transformer.transformer_blocks.9.attn.to_v.weight", "transformer.transformer_blocks.9.attn.to_v.bias", "transformer.transformer_blocks.9.attn.to_out.0.weight", "transformer.transformer_blocks.9.attn.to_out.0.bias", "transformer.transformer_blocks.9.ff.ff.0.0.weight", "transformer.transformer_blocks.9.ff.ff.0.0.bias", "transformer.transformer_blocks.9.ff.ff.2.weight", "transformer.transformer_blocks.9.ff.ff.2.bias", "transformer.transformer_blocks.10.attn_norm.linear.weight", "transformer.transformer_blocks.10.attn_norm.linear.bias", "transformer.transformer_blocks.10.attn.to_q.weight", "transformer.transformer_blocks.10.attn.to_q.bias", "transformer.transformer_blocks.10.attn.to_k.weight", "transformer.transformer_blocks.10.attn.to_k.bias", "transformer.transformer_blocks.10.attn.to_v.weight", "transformer.transformer_blocks.10.attn.to_v.bias", "transformer.transformer_blocks.10.attn.to_out.0.weight", "transformer.transformer_blocks.10.attn.to_out.0.bias", "transformer.transformer_blocks.10.ff.ff.0.0.weight", "transformer.transformer_blocks.10.ff.ff.0.0.bias", "transformer.transformer_blocks.10.ff.ff.2.weight", "transformer.transformer_blocks.10.ff.ff.2.bias", "transformer.transformer_blocks.11.attn_norm.linear.weight", "transformer.transformer_blocks.11.attn_norm.linear.bias", "transformer.transformer_blocks.11.attn.to_q.weight", "transformer.transformer_blocks.11.attn.to_q.bias", "transformer.transformer_blocks.11.attn.to_k.weight", "transformer.transformer_blocks.11.attn.to_k.bias", "transformer.transformer_blocks.11.attn.to_v.weight", "transformer.transformer_blocks.11.attn.to_v.bias", "transformer.transformer_blocks.11.attn.to_out.0.weight", "transformer.transformer_blocks.11.attn.to_out.0.bias", "transformer.transformer_blocks.11.ff.ff.0.0.weight", "transformer.transformer_blocks.11.ff.ff.0.0.bias", "transformer.transformer_blocks.11.ff.ff.2.weight", "transformer.transformer_blocks.11.ff.ff.2.bias", "transformer.transformer_blocks.12.attn_norm.linear.weight", "transformer.transformer_blocks.12.attn_norm.linear.bias", "transformer.transformer_blocks.12.attn.to_q.weight", "transformer.transformer_blocks.12.attn.to_q.bias", "transformer.transformer_blocks.12.attn.to_k.weight", "transformer.transformer_blocks.12.attn.to_k.bias", "transformer.transformer_blocks.12.attn.to_v.weight", "transformer.transformer_blocks.12.attn.to_v.bias", "transformer.transformer_blocks.12.attn.to_out.0.weight", "transformer.transformer_blocks.12.attn.to_out.0.bias", "transformer.transformer_blocks.12.ff.ff.0.0.weight", "transformer.transformer_blocks.12.ff.ff.0.0.bias", "transformer.transformer_blocks.12.ff.ff.2.weight", "transformer.transformer_blocks.12.ff.ff.2.bias", "transformer.transformer_blocks.13.attn_norm.linear.weight", "transformer.transformer_blocks.13.attn_norm.linear.bias", "transformer.transformer_blocks.13.attn.to_q.weight", "transformer.transformer_blocks.13.attn.to_q.bias", "transformer.transformer_blocks.13.attn.to_k.weight", "transformer.transformer_blocks.13.attn.to_k.bias", "transformer.transformer_blocks.13.attn.to_v.weight", "transformer.transformer_blocks.13.attn.to_v.bias", "transformer.transformer_blocks.13.attn.to_out.0.weight", "transformer.transformer_blocks.13.attn.to_out.0.bias", "transformer.transformer_blocks.13.ff.ff.0.0.weight", "transformer.transformer_blocks.13.ff.ff.0.0.bias", "transformer.transformer_blocks.13.ff.ff.2.weight", "transformer.transformer_blocks.13.ff.ff.2.bias", "transformer.transformer_blocks.14.attn_norm.linear.weight", "transformer.transformer_blocks.14.attn_norm.linear.bias", "transformer.transformer_blocks.14.attn.to_q.weight", "transformer.transformer_blocks.14.attn.to_q.bias", "transformer.transformer_blocks.14.attn.to_k.weight", "transformer.transformer_blocks.14.attn.to_k.bias", "transformer.transformer_blocks.14.attn.to_v.weight", "transformer.transformer_blocks.14.attn.to_v.bias", "transformer.transformer_blocks.14.attn.to_out.0.weight", "transformer.transformer_blocks.14.attn.to_out.0.bias", "transformer.transformer_blocks.14.ff.ff.0.0.weight", "transformer.transformer_blocks.14.ff.ff.0.0.bias", "transformer.transformer_blocks.14.ff.ff.2.weight", "transformer.transformer_blocks.14.ff.ff.2.bias", "transformer.transformer_blocks.15.attn_norm.linear.weight", "transformer.transformer_blocks.15.attn_norm.linear.bias", "transformer.transformer_blocks.15.attn.to_q.weight", "transformer.transformer_blocks.15.attn.to_q.bias", "transformer.transformer_blocks.15.attn.to_k.weight", "transformer.transformer_blocks.15.attn.to_k.bias", "transformer.transformer_blocks.15.attn.to_v.weight", "transformer.transformer_blocks.15.attn.to_v.bias", "transformer.transformer_blocks.15.attn.to_out.0.weight", "transformer.transformer_blocks.15.attn.to_out.0.bias", "transformer.transformer_blocks.15.ff.ff.0.0.weight", "transformer.transformer_blocks.15.ff.ff.0.0.bias", "transformer.transformer_blocks.15.ff.ff.2.weight", "transformer.transformer_blocks.15.ff.ff.2.bias", "transformer.transformer_blocks.16.attn_norm.linear.weight", "transformer.transformer_blocks.16.attn_norm.linear.bias", "transformer.transformer_blocks.16.attn.to_q.weight", "transformer.transformer_blocks.16.attn.to_q.bias", "transformer.transformer_blocks.16.attn.to_k.weight", "transformer.transformer_blocks.16.attn.to_k.bias", "transformer.transformer_blocks.16.attn.to_v.weight", "transformer.transformer_blocks.16.attn.to_v.bias", "transformer.transformer_blocks.16.attn.to_out.0.weight", "transformer.transformer_blocks.16.attn.to_out.0.bias", "transformer.transformer_blocks.16.ff.ff.0.0.weight", "transformer.transformer_blocks.16.ff.ff.0.0.bias", "transformer.transformer_blocks.16.ff.ff.2.weight", "transformer.transformer_blocks.16.ff.ff.2.bias", "transformer.transformer_blocks.17.attn_norm.linear.weight", "transformer.transformer_blocks.17.attn_norm.linear.bias", "transformer.transformer_blocks.17.attn.to_q.weight", "transformer.transformer_blocks.17.attn.to_q.bias", "transformer.transformer_blocks.17.attn.to_k.weight", "transformer.transformer_blocks.17.attn.to_k.bias", "transformer.transformer_blocks.17.attn.to_v.weight", "transformer.transformer_blocks.17.attn.to_v.bias", "transformer.transformer_blocks.17.attn.to_out.0.weight", "transformer.transformer_blocks.17.attn.to_out.0.bias", "transformer.transformer_blocks.17.ff.ff.0.0.weight", "transformer.transformer_blocks.17.ff.ff.0.0.bias", "transformer.transformer_blocks.17.ff.ff.2.weight", "transformer.transformer_blocks.17.ff.ff.2.bias", "transformer.transformer_blocks.18.attn_norm.linear.weight", "transformer.transformer_blocks.18.attn_norm.linear.bias", "transformer.transformer_blocks.18.attn.to_q.weight", "transformer.transformer_blocks.18.attn.to_q.bias", "transformer.transformer_blocks.18.attn.to_k.weight", "transformer.transformer_blocks.18.attn.to_k.bias", "transformer.transformer_blocks.18.attn.to_v.weight", "transformer.transformer_blocks.18.attn.to_v.bias", "transformer.transformer_blocks.18.attn.to_out.0.weight", "transformer.transformer_blocks.18.attn.to_out.0.bias", "transformer.transformer_blocks.18.ff.ff.0.0.weight", "transformer.transformer_blocks.18.ff.ff.0.0.bias", "transformer.transformer_blocks.18.ff.ff.2.weight", "transformer.transformer_blocks.18.ff.ff.2.bias", "transformer.transformer_blocks.19.attn_norm.linear.weight", "transformer.transformer_blocks.19.attn_norm.linear.bias", "transformer.transformer_blocks.19.attn.to_q.weight", "transformer.transformer_blocks.19.attn.to_q.bias", "transformer.transformer_blocks.19.attn.to_k.weight", "transformer.transformer_blocks.19.attn.to_k.bias", "transformer.transformer_blocks.19.attn.to_v.weight", "transformer.transformer_blocks.19.attn.to_v.bias", "transformer.transformer_blocks.19.attn.to_out.0.weight", "transformer.transformer_blocks.19.attn.to_out.0.bias", "transformer.transformer_blocks.19.ff.ff.0.0.weight", "transformer.transformer_blocks.19.ff.ff.0.0.bias", "transformer.transformer_blocks.19.ff.ff.2.weight", "transformer.transformer_blocks.19.ff.ff.2.bias", "transformer.transformer_blocks.20.attn_norm.linear.weight", "transformer.transformer_blocks.20.attn_norm.linear.bias", "transformer.transformer_blocks.20.attn.to_q.weight", "transformer.transformer_blocks.20.attn.to_q.bias", "transformer.transformer_blocks.20.attn.to_k.weight", "transformer.transformer_blocks.20.attn.to_k.bias", "transformer.transformer_blocks.20.attn.to_v.weight", "transformer.transformer_blocks.20.attn.to_v.bias", "transformer.transformer_blocks.20.attn.to_out.0.weight", "transformer.transformer_blocks.20.attn.to_out.0.bias", "transformer.transformer_blocks.20.ff.ff.0.0.weight", "transformer.transformer_blocks.20.ff.ff.0.0.bias", "transformer.transformer_blocks.20.ff.ff.2.weight", "transformer.transformer_blocks.20.ff.ff.2.bias", "transformer.transformer_blocks.21.attn_norm.linear.weight", "transformer.transformer_blocks.21.attn_norm.linear.bias", "transformer.transformer_blocks.21.attn.to_q.weight", "transformer.transformer_blocks.21.attn.to_q.bias", "transformer.transformer_blocks.21.attn.to_k.weight", "transformer.transformer_blocks.21.attn.to_k.bias", "transformer.transformer_blocks.21.attn.to_v.weight", "transformer.transformer_blocks.21.attn.to_v.bias", "transformer.transformer_blocks.21.attn.to_out.0.weight", "transformer.transformer_blocks.21.attn.to_out.0.bias", "transformer.transformer_blocks.21.ff.ff.0.0.weight", "transformer.transformer_blocks.21.ff.ff.0.0.bias", "transformer.transformer_blocks.21.ff.ff.2.weight", "transformer.transformer_blocks.21.ff.ff.2.bias", "transformer.norm_out.linear.weight", "transformer.norm_out.linear.bias", "transformer.proj_out.weight", "transformer.proj_out.bias". 
	Unexpected key(s) in state_dict: "decoder.positional_embedding", "encoder.positional_embedding", "decoder.token_embedding.weight", "decoder.blocks.0.mlp_ln.weight", "decoder.blocks.0.mlp_ln.bias", "decoder.blocks.0.mlp.0.weight", "decoder.blocks.0.mlp.0.bias", "decoder.blocks.0.mlp.2.weight", "decoder.blocks.0.mlp.2.bias", "decoder.blocks.0.attn_ln.weight", "decoder.blocks.0.attn_ln.bias", "decoder.blocks.0.attn.query.weight", "decoder.blocks.0.attn.query.bias", "decoder.blocks.0.attn.key.weight", "decoder.blocks.0.attn.value.weight", "decoder.blocks.0.attn.value.bias", "decoder.blocks.0.attn.out.weight", "decoder.blocks.0.attn.out.bias", "decoder.blocks.0.cross_attn_ln.weight", "decoder.blocks.0.cross_attn_ln.bias", "decoder.blocks.0.cross_attn.query.weight", "decoder.blocks.0.cross_attn.query.bias", "decoder.blocks.0.cross_attn.key.weight", "decoder.blocks.0.cross_attn.value.weight", "decoder.blocks.0.cross_attn.value.bias", "decoder.blocks.0.cross_attn.out.weight", "decoder.blocks.0.cross_attn.out.bias", "decoder.blocks.1.mlp_ln.weight", "decoder.blocks.1.mlp_ln.bias", "decoder.blocks.1.mlp.0.weight", "decoder.blocks.1.mlp.0.bias", "decoder.blocks.1.mlp.2.weight", "decoder.blocks.1.mlp.2.bias", "decoder.blocks.1.attn_ln.weight", "decoder.blocks.1.attn_ln.bias", "decoder.blocks.1.attn.query.weight", "decoder.blocks.1.attn.query.bias", "decoder.blocks.1.attn.key.weight", "decoder.blocks.1.attn.value.weight", "decoder.blocks.1.attn.value.bias", "decoder.blocks.1.attn.out.weight", "decoder.blocks.1.attn.out.bias", "decoder.blocks.1.cross_attn_ln.weight", "decoder.blocks.1.cross_attn_ln.bias", "decoder.blocks.1.cross_attn.query.weight", "decoder.blocks.1.cross_attn.query.bias", "decoder.blocks.1.cross_attn.key.weight", "decoder.blocks.1.cross_attn.value.weight", "decoder.blocks.1.cross_attn.value.bias", "decoder.blocks.1.cross_attn.out.weight", "decoder.blocks.1.cross_attn.out.bias", "decoder.blocks.2.mlp_ln.weight", "decoder.blocks.2.mlp_ln.bias", "decoder.blocks.2.mlp.0.weight", "decoder.blocks.2.mlp.0.bias", "decoder.blocks.2.mlp.2.weight", "decoder.blocks.2.mlp.2.bias", "decoder.blocks.2.attn_ln.weight", "decoder.blocks.2.attn_ln.bias", "decoder.blocks.2.attn.query.weight", "decoder.blocks.2.attn.query.bias", "decoder.blocks.2.attn.key.weight", "decoder.blocks.2.attn.value.weight", "decoder.blocks.2.attn.value.bias", "decoder.blocks.2.attn.out.weight", "decoder.blocks.2.attn.out.bias", "decoder.blocks.2.cross_attn_ln.weight", "decoder.blocks.2.cross_attn_ln.bias", "decoder.blocks.2.cross_attn.query.weight", "decoder.blocks.2.cross_attn.query.bias", "decoder.blocks.2.cross_attn.key.weight", "decoder.blocks.2.cross_attn.value.weight", "decoder.blocks.2.cross_attn.value.bias", "decoder.blocks.2.cross_attn.out.weight", "decoder.blocks.2.cross_attn.out.bias", "decoder.blocks.3.mlp_ln.weight", "decoder.blocks.3.mlp_ln.bias", "decoder.blocks.3.mlp.0.weight", "decoder.blocks.3.mlp.0.bias", "decoder.blocks.3.mlp.2.weight", "decoder.blocks.3.mlp.2.bias", "decoder.blocks.3.attn_ln.weight", "decoder.blocks.3.attn_ln.bias", "decoder.blocks.3.attn.query.weight", "decoder.blocks.3.attn.query.bias", "decoder.blocks.3.attn.key.weight", "decoder.blocks.3.attn.value.weight", "decoder.blocks.3.attn.value.bias", "decoder.blocks.3.attn.out.weight", "decoder.blocks.3.attn.out.bias", "decoder.blocks.3.cross_attn_ln.weight", "decoder.blocks.3.cross_attn_ln.bias", "decoder.blocks.3.cross_attn.query.weight", "decoder.blocks.3.cross_attn.query.bias", "decoder.blocks.3.cross_attn.key.weight", "decoder.blocks.3.cross_attn.value.weight", "decoder.blocks.3.cross_attn.value.bias", "decoder.blocks.3.cross_attn.out.weight", "decoder.blocks.3.cross_attn.out.bias", "decoder.blocks.4.mlp_ln.weight", "decoder.blocks.4.mlp_ln.bias", "decoder.blocks.4.mlp.0.weight", "decoder.blocks.4.mlp.0.bias", "decoder.blocks.4.mlp.2.weight", "decoder.blocks.4.mlp.2.bias", "decoder.blocks.4.attn_ln.weight", "decoder.blocks.4.attn_ln.bias", "decoder.blocks.4.attn.query.weight", "decoder.blocks.4.attn.query.bias", "decoder.blocks.4.attn.key.weight", "decoder.blocks.4.attn.value.weight", "decoder.blocks.4.attn.value.bias", "decoder.blocks.4.attn.out.weight", "decoder.blocks.4.attn.out.bias", "decoder.blocks.4.cross_attn_ln.weight", "decoder.blocks.4.cross_attn_ln.bias", "decoder.blocks.4.cross_attn.query.weight", "decoder.blocks.4.cross_attn.query.bias", "decoder.blocks.4.cross_attn.key.weight", "decoder.blocks.4.cross_attn.value.weight", "decoder.blocks.4.cross_attn.value.bias", "decoder.blocks.4.cross_attn.out.weight", "decoder.blocks.4.cross_attn.out.bias", "decoder.blocks.5.mlp_ln.weight", "decoder.blocks.5.mlp_ln.bias", "decoder.blocks.5.mlp.0.weight", "decoder.blocks.5.mlp.0.bias", "decoder.blocks.5.mlp.2.weight", "decoder.blocks.5.mlp.2.bias", "decoder.blocks.5.attn_ln.weight", "decoder.blocks.5.attn_ln.bias", "decoder.blocks.5.attn.query.weight", "decoder.blocks.5.attn.query.bias", "decoder.blocks.5.attn.key.weight", "decoder.blocks.5.attn.value.weight", "decoder.blocks.5.attn.value.bias", "decoder.blocks.5.attn.out.weight", "decoder.blocks.5.attn.out.bias", "decoder.blocks.5.cross_attn_ln.weight", "decoder.blocks.5.cross_attn_ln.bias", "decoder.blocks.5.cross_attn.query.weight", "decoder.blocks.5.cross_attn.query.bias", "decoder.blocks.5.cross_attn.key.weight", "decoder.blocks.5.cross_attn.value.weight", "decoder.blocks.5.cross_attn.value.bias", "decoder.blocks.5.cross_attn.out.weight", "decoder.blocks.5.cross_attn.out.bias", "decoder.ln.weight", "decoder.ln.bias", "encoder.conv1.weight", "encoder.conv1.bias", "encoder.conv2.weight", "encoder.conv2.bias", "encoder.blocks.0.mlp_ln.weight", "encoder.blocks.0.mlp_ln.bias", "encoder.blocks.0.mlp.0.weight", "encoder.blocks.0.mlp.0.bias", "encoder.blocks.0.mlp.2.weight", "encoder.blocks.0.mlp.2.bias", "encoder.blocks.0.attn_ln.weight", "encoder.blocks.0.attn_ln.bias", "encoder.blocks.0.attn.query.weight", "encoder.blocks.0.attn.query.bias", "encoder.blocks.0.attn.key.weight", "encoder.blocks.0.attn.value.weight", "encoder.blocks.0.attn.value.bias", "encoder.blocks.0.attn.out.weight", "encoder.blocks.0.attn.out.bias", "encoder.blocks.1.mlp_ln.weight", "encoder.blocks.1.mlp_ln.bias", "encoder.blocks.1.mlp.0.weight", "encoder.blocks.1.mlp.0.bias", "encoder.blocks.1.mlp.2.weight", "encoder.blocks.1.mlp.2.bias", "encoder.blocks.1.attn_ln.weight", "encoder.blocks.1.attn_ln.bias", "encoder.blocks.1.attn.query.weight", "encoder.blocks.1.attn.query.bias", "encoder.blocks.1.attn.key.weight", "encoder.blocks.1.attn.value.weight", "encoder.blocks.1.attn.value.bias", "encoder.blocks.1.attn.out.weight", "encoder.blocks.1.attn.out.bias", "encoder.blocks.2.mlp_ln.weight", "encoder.blocks.2.mlp_ln.bias", "encoder.blocks.2.mlp.0.weight", "encoder.blocks.2.mlp.0.bias", "encoder.blocks.2.mlp.2.weight", "encoder.blocks.2.mlp.2.bias", "encoder.blocks.2.attn_ln.weight", "encoder.blocks.2.attn_ln.bias", "encoder.blocks.2.attn.query.weight", "encoder.blocks.2.attn.query.bias", "encoder.blocks.2.attn.key.weight", "encoder.blocks.2.attn.value.weight", "encoder.blocks.2.attn.value.bias", "encoder.blocks.2.attn.out.weight", "encoder.blocks.2.attn.out.bias", "encoder.blocks.3.mlp_ln.weight", "encoder.blocks.3.mlp_ln.bias", "encoder.blocks.3.mlp.0.weight", "encoder.blocks.3.mlp.0.bias", "encoder.blocks.3.mlp.2.weight", "encoder.blocks.3.mlp.2.bias", "encoder.blocks.3.attn_ln.weight", "encoder.blocks.3.attn_ln.bias", "encoder.blocks.3.attn.query.weight", "encoder.blocks.3.attn.query.bias", "encoder.blocks.3.attn.key.weight", "encoder.blocks.3.attn.value.weight", "encoder.blocks.3.attn.value.bias", "encoder.blocks.3.attn.out.weight", "encoder.blocks.3.attn.out.bias", "encoder.blocks.4.mlp_ln.weight", "encoder.blocks.4.mlp_ln.bias", "encoder.blocks.4.mlp.0.weight", "encoder.blocks.4.mlp.0.bias", "encoder.blocks.4.mlp.2.weight", "encoder.blocks.4.mlp.2.bias", "encoder.blocks.4.attn_ln.weight", "encoder.blocks.4.attn_ln.bias", "encoder.blocks.4.attn.query.weight", "encoder.blocks.4.attn.query.bias", "encoder.blocks.4.attn.key.weight", "encoder.blocks.4.attn.value.weight", "encoder.blocks.4.attn.value.bias", "encoder.blocks.4.attn.out.weight", "encoder.blocks.4.attn.out.bias", "encoder.blocks.5.mlp_ln.weight", "encoder.blocks.5.mlp_ln.bias", "encoder.blocks.5.mlp.0.weight", "encoder.blocks.5.mlp.0.bias", "encoder.blocks.5.mlp.2.weight", "encoder.blocks.5.mlp.2.bias", "encoder.blocks.5.attn_ln.weight", "encoder.blocks.5.attn_ln.bias", "encoder.blocks.5.attn.query.weight", "encoder.blocks.5.attn.query.bias", "encoder.blocks.5.attn.key.weight", "encoder.blocks.5.attn.value.weight", "encoder.blocks.5.attn.value.bias", "encoder.blocks.5.attn.out.weight", "encoder.blocks.5.attn.out.bias", "encoder.ln_post.weight", "encoder.ln_post.bias". 
